[1A[2K[2m[WebServer] [22m[33m[1m⚠[22m[39m The "middleware" file convention is deprecated. Please use "proxy" instead. Learn more: https://nextjs.org/docs/messages/middleware-to-proxy


Running 2 tests using 1 worker

[1A[2K[1/2] [setup] › e2e/auth.setup.ts:3:6 › authenticate
[1A[2K[2/2] [chromium] › e2e/parent-family.spec.ts:10:9 › Parent Family Management › Parent can add a family member
[1A[2K  1) [chromium] › e2e/parent-family.spec.ts:10:9 › Parent Family Management › Parent can add a family member 

    Error: [2mexpect([22m[31mlocator[39m[2m).[22mtoBeVisible[2m([22m[2m)[22m failed

    Locator: getByText('Your registration is complete')
    Expected: visible
    Timeout: 5000ms
    Error: element(s) not found

    Call log:
    [2m  - Expect "toBeVisible" with timeout 5000ms[22m
    [2m  - waiting for getByText('Your registration is complete')[22m


      27 |
      28 |         // Wait for registration success UI
    > 29 |         await expect(page.getByText('Your registration is complete')).toBeVisible();
         |                                                                       ^
      30 |         
      31 |         // Click "Back to Login" and handle potential auto-login
      32 |         await page.getByRole('link', { name: 'Back to Login' }).click();
        at /Users/jam/Documents/repos-personal/class-registration-system/e2e/parent-family.spec.ts:29:71

    attachment #1: screenshot (image/png) ──────────────────────────────────────────────────────────
    test-results/parent-family-Parent-Famil-0b1ef-ent-can-add-a-family-member-chromium/test-failed-1.png
    ────────────────────────────────────────────────────────────────────────────────────────────────

    Error Context: test-results/parent-family-Parent-Famil-0b1ef-ent-can-add-a-family-member-chromium/error-context.md


[1A[2K  1 failed
    [chromium] › e2e/parent-family.spec.ts:10:9 › Parent Family Management › Parent can add a family member 
  1 passed (10.8s)

[36m  Serving HTML report at http://localhost:58559. Press Ctrl+C to quit.[39m
